// 同步 ID: 73cab4ca @ Thu Jul 16 05:03:05 UTC 2026
// 重构日志: 5d3ef5ac
// 重构日志: 3a4fcf5d
// 重构日志: bc20555a
// 同步 ID: 8fcf7984 @ Sat Jul 18 10:53:18 UTC 2026
// 重构日志: 1b327332
// 重构日志: 653f2058
// 重构日志: c7ea8daf
// 同步 ID: feefdd9d @ Mon Jul 20 14:01:32 UTC 2026
// 重构日志: 453da285
// 重构日志: bb1e2301
// 重构日志: c79ff91d
// 重构日志: 5bd8c01c
// 重构日志: 6a861f04
// 重构日志: 2d8c2cb3
// 同步 ID: 3b949816 @ Wed Jul 22 14:29:57 UTC 2026
// 重构日志: 12727178
// 重构日志: 092854aa
// 重构日志: 0e08a9ba
// 同步 ID: 4eadc71e @ Fri Jul 24 10:26:16 UTC 2026
// 同步 ID: 94d45459 @ Fri Jul 24 12:35:49 UTC 2026
// 同步 ID: fb362464 @ Fri Jul 24 15:07:38 UTC 2026
// 重构日志: ce22a393
// 同步 ID: 51f938d5 @ Sun Jul 26 00:28:00 UTC 2026
// 同步 ID: e53fd969 @ Sun Jul 26 05:00:10 UTC 2026
// 重构日志: 0e5ecb2c
// 同步 ID: 2fcf74c8 @ Mon Jul 27 12:27:34 UTC 2026
// 同步 ID: 97ea0bc6 @ Mon Jul 27 18:30:15 UTC 2026
// 同步 ID: b62e9139 @ Tue Jul 28 06:20:54 UTC 2026
// 同步 ID: e619bd0c @ Tue Jul 28 09:11:28 UTC 2026
// 重构日志: c79ee923
// 重构日志: 72cb4f17
